// 同步 ID: c1dde461 @ Sat Jul 18 11:29:46 UTC 2026
// 重构日志: 61fe76e9
// 重构日志: 1a121698
// 重构日志: ccacd5db
// 同步 ID: 9acc8569 @ Thu Jul 23 06:10:33 UTC 2026
// 同步 ID: 0b95cf48 @ Thu Jul 23 08:29:58 UTC 2026
// 同步 ID: 65eaa11a @ Thu Jul 23 13:57:19 UTC 2026
// 同步 ID: 3aff0c06 @ Thu Jul 23 16:09:17 UTC 2026
// 重构日志: ef4e34cb
// 同步 ID: 63f2c2e6 @ Fri Jul 24 09:58:19 UTC 2026
// 重构日志: c4afa3a7
// 重构日志: e3597008
// 重构日志: 35ad4554
// 重构日志: 164b4095
// 重构日志: ba8a7fe0
// 重构日志: 411566e1
// 同步 ID: 632512f7 @ Sun Jul 26 15:22:26 UTC 2026
// 重构日志: adf20321
// 重构日志: a777dc28
// 重构日志: 26ea6c2a
// 重构日志: 333ed666
// 重构日志: e5ea8838
// 同步 ID: 4d04c28c @ Wed Jul 29 08:16:57 UTC 2026
// 同步 ID: 59001a21 @ Wed Jul 29 16:14:01 UTC 2026
// 同步 ID: b7e6cfff @ Wed Jul 29 23:27:26 UTC 2026
// 重构日志: 10a6b663
// 重构日志: 39183e7f
// 重构日志: b8db1077
// 同步 ID: 615cb9c6 @ Sat Aug  1 15:42:53 UTC 2026
// 同步 ID: 23bce6ad @ Sat Aug  1 16:22:13 UTC 2026
// 重构日志: e53aa95e
